Copyright 1986-2022 Xilinx, Inc. All Rights Reserved. Copyright 2022-2023 Advanced Micro Devices, Inc. All Rights Reserved.
---------------------------------------------------------------------------------------------------------------------------------------------
| Tool Version : Vivado v.2023.1 (win64) Build 3865809 Sun May  7 15:05:29 MDT 2023
| Date         : Thu Oct  1 00:07:50 2026
| Host         : MAGI-SYSTEM running 64-bit major release  (build 9200)
| Command      : report_control_sets -verbose -file fsm_sequence_tl_control_sets_placed.rpt
| Design       : fsm_sequence_tl
| Device       : xc7a100t
---------------------------------------------------------------------------------------------------------------------------------------------

Control Set Information

Table of Contents
-----------------
1. Summary
2. Histogram
3. Flip-Flop Distribution
4. Detailed Control Set Information

1. Summary
----------

+----------------------------------------------------------+-------+
|                          Status                          | Count |
+----------------------------------------------------------+-------+
| Total control sets                                       |     7 |
|    Minimum number of control sets                        |     7 |
|    Addition due to synthesis replication                 |     0 |
|    Addition due to physical synthesis replication        |     0 |
| Unused register locations in slices containing registers |    43 |
+----------------------------------------------------------+-------+
* Control sets can be merged at opt_design using control_set_merge or merge_equivalent_drivers
** Run report_qor_suggestions for automated merging and remapping suggestions


2. Histogram
------------

+--------------------+-------+
|       Fanout       | Count |
+--------------------+-------+
| Total control sets |     7 |
| >= 0 to < 4        |     4 |
| >= 4 to < 6        |     0 |
| >= 6 to < 8        |     0 |
| >= 8 to < 10       |     1 |
| >= 10 to < 12      |     0 |
| >= 12 to < 14      |     0 |
| >= 14 to < 16      |     0 |
| >= 16              |     2 |
+--------------------+-------+
* Control sets can be remapped at either synth_design or opt_design


3. Flip-Flop Distribution
-------------------------

+--------------+-----------------------+------------------------+-----------------+--------------+
| Clock Enable | Synchronous Set/Reset | Asynchronous Set/Reset | Total Registers | Total Slices |
+--------------+-----------------------+------------------------+-----------------+--------------+
| No           | No                    | No                     |               1 |            1 |
| No           | No                    | Yes                    |               0 |            0 |
| No           | Yes                   | No                     |              49 |           13 |
| Yes          | No                    | No                     |               2 |            2 |
| Yes          | No                    | Yes                    |               0 |            0 |
| Yes          | Yes                   | No                     |               1 |            1 |
+--------------+-----------------------+------------------------+-----------------+--------------+


4. Detailed Control Set Information
-----------------------------------

+----------------------+------------------+----------------------------+------------------+----------------+--------------+
|     Clock Signal     |   Enable Signal  |      Set/Reset Signal      | Slice Load Count | Bel Load Count | Bels / Slice |
+----------------------+------------------+----------------------------+------------------+----------------+--------------+
|  CLK100MHZ_IBUF_BUFG |                  |                            |                1 |              1 |         1.00 |
|  CLK100MHZ_IBUF_BUFG | u_db_i/load_next |                            |                1 |              1 |         1.00 |
|  CLK100MHZ_IBUF_BUFG | u_db_m/change_m  |                            |                1 |              1 |         1.00 |
|  CLK100MHZ_IBUF_BUFG | u_in/step        | u_fsm/rst                  |                1 |              1 |         1.00 |
|  CLK100MHZ_IBUF_BUFG |                  | u_fsm/rst                  |                3 |              9 |         3.00 |
|  CLK100MHZ_IBUF_BUFG |                  | u_db_i/count[0]_i_1_n_0    |                5 |             20 |         4.00 |
|  CLK100MHZ_IBUF_BUFG |                  | u_db_m/count[0]_i_1__0_n_0 |                5 |             20 |         4.00 |
+----------------------+------------------+----------------------------+------------------+----------------+--------------+


